Berhasil menambah todo: 1 | Belajar Java | Belum Selesai
Berhasil menambah todo: 2 | Kerjakan Praktikum | Belum Selesai
Berhasil mengubah todo.
1 | Belajar Java Dasar | Selesai
Hasil Pencarian: "praktikum"
2 | Kerjakan Praktikum | Belum Selesai
Daftar Todo (Terurut):
1 | Belajar Java Dasar | Selesai
2 | Kerjakan Praktikum | Belum Selesai
Berhasil menghapus todo.
Daftar Todo:
1 | Belajar Java Dasar | Selesai
